  AudioManager.cpp
C:\Users\tonky\OneDrive\Desktop\SlashDuel_Ver2\SlashDuel\Source\Engine\Audio\AudioClip.h(47,25): warning C4244: '初期化中': 'LONGLONG' から 'int' への変換です。データが失われる可能性があります。
  (ソース ファイル 'Source/Engine/Audio/AudioManager.cpp' をコンパイルしています)
  
  SoundManager.cpp
C:\Users\tonky\OneDrive\Desktop\SlashDuel_Ver2\SlashDuel\Source\Engine\Audio\AudioClip.h(47,25): warning C4244: '初期化中': 'LONGLONG' から 'int' への変換です。データが失われる可能性があります。
  (ソース ファイル 'Source/Engine/Audio/SoundManager.cpp' をコンパイルしています)
  
  Scene.cpp
  SceneManager.cpp
  System.cpp
C:\Users\tonky\OneDrive\Desktop\SlashDuel_Ver2\SlashDuel\Source\Engine\Audio\AudioClip.h(47,25): warning C4244: '初期化中': 'LONGLONG' から 'int' への変換です。データが失われる可能性があります。
  (ソース ファイル 'Source/Engine/Core/System.cpp' をコンパイルしています)
  
  ParticleManager.cpp
  ParticleSystem.cpp
  MeshCollider.cpp
  PhysicsManager.cpp
  RenderManager.cpp
  UIManager.cpp
  CameraFollow.cpp
  Character.cpp
  CharacterBuilder.cpp
C:\Users\tonky\OneDrive\Desktop\SlashDuel_Ver2\SlashDuel\Source\Engine\Audio\AudioClip.h(47,25): warning C4244: '初期化中': 'LONGLONG' から 'int' への変換です。データが失われる可能性があります。
  (ソース ファイル 'Source/Game/Character/CharacterBuilder.cpp' をコンパイルしています)
  
  CombatSystem.cpp
  DebugCheats.cpp
  EffectManager.cpp
  ScreenFlash.cpp
  ShapeEffectRenderer.cpp
  SlashTrail.cpp
  コードを生成中...
  コンパイル中...
  Enemy.cpp
C:\Users\tonky\OneDrive\Desktop\SlashDuel_Ver2\SlashDuel\Source\Engine\Audio\AudioClip.h(47,25): warning C4244: '初期化中': 'LONGLONG' から 'int' への変換です。データが失われる可能性があります。
  (ソース ファイル 'Source/Game/Enemy/Enemy.cpp' をコンパイルしています)
  
  EnemyAI.cpp
  EnemyData.cpp
  EnemyFactory.cpp
  EnemyActions.cpp
  EnemyAttackState.cpp
  EnemyBlowState.cpp
  EnemyDamageState.cpp
  EnemyDeadState.cpp
  EnemyIdleState.cpp
  EnemyMoveState.cpp
  EnemyShootState.cpp
  PlayerController.cpp
  TargetLock.cpp
  PhaseDirector.cpp
C:\Users\tonky\OneDrive\Desktop\SlashDuel_Ver2\SlashDuel\Source\Engine\Audio\AudioClip.h(47,25): warning C4244: '初期化中': 'LONGLONG' から 'int' への変換です。データが失われる可能性があります。
  (ソース ファイル 'Source/Game/Phase/PhaseDirector.cpp' をコンパイルしています)
  
  SaveData.cpp
  Player.cpp
C:\Users\tonky\OneDrive\Desktop\SlashDuel_Ver2\SlashDuel\Source\Engine\Audio\AudioClip.h(47,25): warning C4244: '初期化中': 'LONGLONG' から 'int' への変換です。データが失われる可能性があります。
  (ソース ファイル 'Source/Game/Player/Player.cpp' をコンパイルしています)
  
  PlayerAttacks.cpp
  PlayerFactory.cpp
  PlayerActions.cpp
  コードを生成中...
  コンパイル中...
  PlayerAttackState.cpp
  PlayerBlowState.cpp
  PlayerDamageState.cpp
  PlayerDeadState.cpp
  PlayerDodgeState.cpp
  PlayerGuardState.cpp
  PlayerIdleState.cpp
  PlayerJumpState.cpp
  PlayerMoveState.cpp
  Needle.cpp
  NeedlePool.cpp
  GameScene.cpp
  ArenaBoundary.cpp
  StageBuilder.cpp
  GameFont.cpp
  Hud.cpp
  LockOnMarker.cpp
  PhaseBanner.cpp
  ResultScreen.cpp
C:\Users\tonky\OneDrive\Desktop\SlashDuel_Ver2\SlashDuel\Source\Engine\Audio\AudioClip.h(47,25): warning C4244: '初期化中': 'LONGLONG' から 'int' への変換です。データが失われる可能性があります。
  (ソース ファイル 'Source/Game/UI/ResultScreen.cpp' をコンパイルしています)
  
  TitleScreen.cpp
C:\Users\tonky\OneDrive\Desktop\SlashDuel_Ver2\SlashDuel\Source\Engine\Audio\AudioClip.h(47,25): warning C4244: '初期化中': 'LONGLONG' から 'int' への変換です。データが失われる可能性があります。
  (ソース ファイル 'Source/Game/UI/TitleScreen.cpp' をコンパイルしています)
  
  コードを生成中...
  コンパイル中...
  WinMain.cpp
  コードを生成中...
  LINK : 前回のインクリメンタル リンクで C:\Users\tonky\OneDrive\Desktop\SlashDuel_Ver2\x64\Debug\SlashDuel.exe が見つからなかったか、ビルドされませんでした。フル リンクを行います。
  SlashDuel.vcxproj -> C:\Users\tonky\OneDrive\Desktop\SlashDuel_Ver2\x64\Debug\SlashDuel.exe
